\BOOKMARK [1][-]{section.1}{\376\377\000I\000n\000t\000r\000o\000d\000u\000c\000t\000i\000o\000n}{}% 1
\BOOKMARK [1][-]{section.2}{\376\377\000R\000e\000l\000a\000t\000e\000d\000\040\000W\000o\000r\000k}{}% 2
\BOOKMARK [2][-]{subsection.2.1}{\376\377\000L\000L\000M\000\040\000A\000t\000t\000a\000c\000k\000\040\000S\000u\000r\000f\000a\000c\000e\000\040\000M\000e\000a\000s\000u\000r\000e\000m\000e\000n\000t\000\040\000a\000n\000d\000\040\000E\000v\000a\000l\000u\000a\000t\000i\000o\000n\000\040\000F\000r\000a\000m\000e\000w\000o\000r\000k\000s}{section.2}% 3
\BOOKMARK [2][-]{subsection.2.2}{\376\377\000J\000a\000i\000l\000b\000r\000e\000a\000k\000\040\000A\000t\000t\000a\000c\000k\000s\000\040\000A\000g\000a\000i\000n\000s\000t\000\040\000L\000L\000M\000s\000\040\000a\000n\000d\000\040\000R\000e\000a\000s\000o\000n\000i\000n\000g\000\040\000M\000o\000d\000e\000l\000s}{section.2}% 4
\BOOKMARK [2][-]{subsection.2.3}{\376\377\000P\000r\000o\000m\000p\000t\000\040\000I\000n\000j\000e\000c\000t\000i\000o\000n\000\040\000a\000n\000d\000\040\000A\000g\000e\000n\000t\000i\000c\000\040\000A\000t\000t\000a\000c\000k\000s}{section.2}% 5
\BOOKMARK [2][-]{subsection.2.4}{\376\377\000M\000C\000P\000\040\000a\000n\000d\000\040\000T\000o\000o\000l\000-\000U\000s\000e\000\040\000S\000e\000c\000u\000r\000i\000t\000y}{section.2}% 6
\BOOKMARK [2][-]{subsection.2.5}{\376\377\000R\000A\000G\000\040\000P\000o\000i\000s\000o\000n\000i\000n\000g\000\040\000a\000n\000d\000\040\000K\000n\000o\000w\000l\000e\000d\000g\000e\000\040\000B\000a\000s\000e\000\040\000A\000t\000t\000a\000c\000k\000s}{section.2}% 7
\BOOKMARK [2][-]{subsection.2.6}{\376\377\000A\000g\000e\000n\000t\000\040\000M\000e\000m\000o\000r\000y\000\040\000P\000o\000i\000s\000o\000n\000i\000n\000g}{section.2}% 8
\BOOKMARK [2][-]{subsection.2.7}{\376\377\000D\000e\000f\000e\000n\000s\000e\000s\000\040\000a\000n\000d\000\040\000T\000h\000e\000i\000r\000\040\000L\000i\000m\000i\000t\000a\000t\000i\000o\000n\000s}{section.2}% 9
\BOOKMARK [2][-]{subsection.2.8}{\376\377\000G\000r\000a\000p\000h\000-\000B\000a\000s\000e\000d\000\040\000S\000e\000c\000u\000r\000i\000t\000y\000\040\000M\000o\000d\000e\000l\000i\000n\000g}{section.2}% 10
\BOOKMARK [1][-]{section.3}{\376\377\000M\000e\000t\000h\000o\000d\000o\000l\000o\000g\000y}{}% 11
\BOOKMARK [2][-]{subsection.3.1}{\376\377\000F\000o\000r\000m\000a\000l\000\040\000T\000o\000p\000o\000l\000o\000g\000i\000c\000a\000l\000\040\000G\000r\000a\000p\000h\000\040\000R\000e\000p\000r\000e\000s\000e\000n\000t\000a\000t\000i\000o\000n}{section.3}% 12
\BOOKMARK [2][-]{subsection.3.2}{\376\377\000M\000o\000d\000e\000l\000i\000n\000g\000\040\000V\000u\000l\000n\000e\000r\000a\000b\000i\000l\000i\000t\000i\000e\000s\000\040\000a\000n\000d\000\040\000D\000e\000f\000e\000n\000s\000e\000\040\000M\000i\000t\000i\000g\000a\000t\000i\000o\000n\000s}{section.3}% 13
\BOOKMARK [2][-]{subsection.3.3}{\376\377\000D\000e\000r\000i\000v\000a\000t\000i\000o\000n\000\040\000o\000f\000\040\000E\000f\000f\000e\000c\000t\000i\000v\000e\000\040\000E\000x\000p\000l\000o\000i\000t\000a\000b\000i\000l\000i\000t\000y}{section.3}% 14
\BOOKMARK [2][-]{subsection.3.4}{\376\377\000C\000o\000m\000p\000o\000s\000i\000t\000i\000o\000n\000a\000l\000\040\000P\000a\000t\000h\000\040\000S\000c\000o\000r\000i\000n\000g\000\040\000a\000n\000d\000\040\000E\000x\000p\000o\000n\000e\000n\000t\000i\000a\000l\000\040\000D\000e\000c\000a\000y}{section.3}% 15
\BOOKMARK [2][-]{subsection.3.5}{\376\377\000A\000l\000g\000o\000r\000i\000t\000h\000m\000i\000c\000\040\000I\000m\000p\000l\000e\000m\000e\000n\000t\000a\000t\000i\000o\000n\000\040\000a\000n\000d\000\040\000C\000o\000m\000p\000l\000e\000x\000i\000t\000y}{section.3}% 16
\BOOKMARK [2][-]{subsection.3.6}{\376\377\000M\000i\000t\000i\000g\000a\000t\000i\000o\000n\000\040\000R\000O\000I\000\040\000R\000e\000c\000o\000m\000m\000e\000n\000d\000a\000t\000i\000o\000n\000\040\000E\000n\000g\000i\000n\000e}{section.3}% 17
\BOOKMARK [1][-]{section.4}{\376\377\000E\000x\000p\000e\000r\000i\000m\000e\000n\000t\000s}{}% 18
\BOOKMARK [2][-]{subsection.4.1}{\376\377\000E\000v\000a\000l\000u\000a\000t\000i\000o\000n\000\040\000T\000o\000p\000o\000l\000o\000g\000i\000e\000s}{section.4}% 19
\BOOKMARK [3][-]{subsubsection.4.1.1}{\376\377\000T\000o\000p\000o\000l\000o\000g\000y\000\040\0001\000:\000\040\000R\000A\000G\000-\000b\000a\000s\000e\000d\000\040\000C\000u\000s\000t\000o\000m\000e\000r\000\040\000C\000h\000a\000t\000b\000o\000t}{subsection.4.1}% 20
\BOOKMARK [3][-]{subsubsection.4.1.2}{\376\377\000T\000o\000p\000o\000l\000o\000g\000y\000\040\0002\000:\000\040\000A\000u\000t\000o\000n\000o\000m\000o\000u\000s\000\040\000C\000o\000d\000i\000n\000g\000\040\000A\000g\000e\000n\000t}{subsection.4.1}% 21
\BOOKMARK [3][-]{subsubsection.4.1.3}{\376\377\000T\000o\000p\000o\000l\000o\000g\000y\000\040\0003\000:\000\040\000E\000n\000t\000e\000r\000p\000r\000i\000s\000e\000\040\000M\000o\000d\000e\000l\000\040\000R\000o\000u\000t\000e\000r}{subsection.4.1}% 22
\BOOKMARK [2][-]{subsection.4.2}{\376\377\000B\000a\000s\000e\000l\000i\000n\000e\000\040\000S\000c\000o\000r\000i\000n\000g\000\040\000M\000e\000t\000h\000o\000d\000o\000l\000o\000g\000i\000e\000s}{section.4}% 23
\BOOKMARK [2][-]{subsection.4.3}{\376\377\000E\000v\000a\000l\000u\000a\000t\000i\000o\000n\000\040\000M\000e\000t\000r\000i\000c\000s}{section.4}% 24
\BOOKMARK [2][-]{subsection.4.4}{\376\377\000R\000e\000s\000u\000l\000t\000s\000\040\000a\000n\000d\000\040\000D\000i\000s\000c\000u\000s\000s\000i\000o\000n}{section.4}% 25
\BOOKMARK [3][-]{subsubsection.4.4.1}{\376\377\000P\000a\000t\000h\000\040\000R\000e\000s\000o\000l\000u\000t\000i\000o\000n\000\040\000A\000c\000c\000u\000r\000a\000c\000y}{subsection.4.4}% 26
\BOOKMARK [3][-]{subsubsection.4.4.2}{\376\377\000A\000d\000d\000r\000e\000s\000s\000i\000n\000g\000\040\000S\000y\000s\000t\000e\000m\000i\000c\000\040\000R\000i\000s\000k\000\040\000O\000v\000e\000r\000e\000s\000t\000i\000m\000a\000t\000i\000o\000n}{subsection.4.4}% 27
\BOOKMARK [3][-]{subsubsection.4.4.3}{\376\377\000T\000h\000e\000\040\000E\000f\000f\000i\000c\000a\000c\000y\000\040\000o\000f\000\040\000C\000h\000a\000i\000n\000i\000n\000g\000\040\000D\000e\000c\000a\000y}{subsection.4.4}% 28
\BOOKMARK [3][-]{subsubsection.4.4.4}{\376\377\000M\000i\000t\000i\000g\000a\000t\000i\000o\000n\000\040\000R\000O\000I\000\040\000P\000r\000i\000o\000r\000i\000t\000i\000z\000a\000t\000i\000o\000n}{subsection.4.4}% 29
\BOOKMARK [1][-]{section.5}{\376\377\000D\000i\000s\000c\000u\000s\000s\000i\000o\000n}{}% 30
\BOOKMARK [2][-]{subsection.5.1}{\376\377\000T\000h\000e\000o\000r\000e\000t\000i\000c\000a\000l\000\040\000I\000m\000p\000l\000i\000c\000a\000t\000i\000o\000n\000s\000\040\000o\000f\000\040\000M\000u\000l\000t\000i\000-\000H\000o\000p\000\040\000F\000r\000i\000c\000t\000i\000o\000n}{section.5}% 31
\BOOKMARK [2][-]{subsection.5.2}{\376\377\000O\000p\000e\000r\000a\000t\000i\000o\000n\000a\000l\000\040\000I\000n\000t\000e\000g\000r\000a\000t\000i\000o\000n\000\040\000v\000i\000a\000\040\000C\000I\000/\000C\000D\000\040\000p\000i\000p\000e\000l\000i\000n\000e\000s}{section.5}% 32
\BOOKMARK [2][-]{subsection.5.3}{\376\377\000L\000i\000m\000i\000t\000a\000t\000i\000o\000n\000s\000\040\000a\000n\000d\000\040\000F\000u\000t\000u\000r\000e\000\040\000W\000o\000r\000k}{section.5}% 33
\BOOKMARK [1][-]{section.6}{\376\377\000C\000o\000n\000c\000l\000u\000s\000i\000o\000n}{}% 34
